// Jest Snapshot v1, https://goo.gl/fbAQLP

exports[`Test GroupList component renders PrimaryButton component renders fine 1`] = `null`;
